[www.travelswithsun.com/the-sheep-sanctuary-at-cameron-highlands/index.html]
[www.travelswithsun.com/detroitchicago/boise.js]
[www.travelswithsun.com/detroitchicago/boise5af5.js]
[www.travelswithsun.com/parsonsmaize/abilene.js]
[www.travelswithsun.com/parsonsmaize/abilenebda5.js]
[www.travelswithsun.com/the-sheep-sanctuary-at-cameron-highlands/POST]
[backblue.gif]
[fade.gif]
[index.html]
[www.travelswithsun.com/wp-content/cache/min/1/wp-content/plugins/sitepress-multilingual-cms/res/js/cookies/language-cookie3ed0.js]
[www.travelswithsun.com/the-sheep-sanctuary-at-cameron-highlands/Firefox/index.html]
[www.travelswithsun.com/wp-content/plugins/novashare/js/novashare.minb493.js]
[www.travelswithsun.com/the-sheep-sanctuary-at-cameron-highlands/feed/index.html]
[www.travelswithsun.com/wp-content/uploads/Travelswithsun-Favicon.png]
[www.travelswithsun.com/wp-content/plugins/wp-rocket/assets/img/youtube.png]
[www.travelswithsun.com/wp-content/uploads/Travelswithsun-Logo_500x96.png]
[www.travelswithsun.com/wp-content/uploads/The-Sheep-Sanctuary-At-Cameron-Highlands.jpg]
[www.travelswithsun.com/wp-content/uploads/Signboard-In-Front-Of-The-Sheep-Sanctuary-In-Cameron-Highlands-Photo-by-Travelswithsun.jpg]
[www.travelswithsun.com/wp-content/uploads/A-Sheep-Trying-To-Get-Attention-From-Passerbys-At-The-Sheep-Sanctuary-In-Cameron-Highlands-Photo-by-Travelswithsun.jpg]
[www.travelswithsun.com/wp-content/uploads/The-Only-Lamb-We-Saw-At-The-Sheep-Sanctuary-In-Cameron-Highlands-Photo-by-Travelswithsun.jpg]
[www.travelswithsun.com/wp-content/uploads/A-Shorn-Sheep-At-The-Sheep-Sanctuary-In-Cameron-Highlands-Photo-by-Travelswithsun.jpg]
[www.travelswithsun.com/wp-content/uploads/Crowds-Concentrating-At-The-Sheep-Pens-In-The-Sheep-Sanctuary-In-Cameron-Highlands-Photo-by-Travelswithsun.jpg]
[www.travelswithsun.com/wp-content/uploads/Queue-At-The-Sheep-Sanctuary-In-Cameron-Highlands-Photo-by-Travelswithsun.jpg]
[www.travelswithsun.com/wp-content/uploads/Ticket-Counter-In-Front-Of-The-Sheep-Sanctuary-In-Cameron-Highlands-Photo-by-Travelswithsun.jpg]
[www.travelswithsun.com/wp-content/uploads/Kid-Getting-Squemish-About-Sheep-At-The-Sheep-Sanctuary-In-Cameron-Highlands-Photo-by-Travelswithsun.jpg]
[www.travelswithsun.com/wp-content/uploads/Cut-Grass-Put-Aside-For-The-Sheep-At-The-Sheep-Sanctuary-In-Cameron-Highlands-Photo-by-Travelswithsun.jpg]
[www.travelswithsun.com/wp-content/uploads/The-Sheep-Pen-At-The-Sheep-Sanctuary-In-Cameron-Highlands-Photo-by-Travelswithsun.jpg]
[www.travelswithsun.com/wp-content/uploads/CH-Flora-Park-Carpark-Seen-From-The-Sheep-Sanctuary-In-Cameron-Highlands-Photo-by-Travelswithsun.jpg]
[www.travelswithsun.com/wp-content/uploads/The-Souvenir-Shop-At-The-Sheep-Sanctuary-In-Cameron-Highlands-Photo-by-Travelswithsun.jpg]
[www.travelswithsun.com/wp-content/uploads/The-Sheep-Sanctuary-In-Cameron-Highlands-Is-Highly-Popular-With-Families-Photo-by-Travelswithsun.jpg]
[www.travelswithsun.com/wp-content/uploads/On-Site-Cafe-At-The-Sheep-Sanctuary-In-Cameron-Highlands-Photo-by-Travelswithsun.jpg]
[www.travelswithsun.com/wp-content/uploads/A-Handsome-Ram-At-The-Sheep-Sanctuary-In-Cameron-Highlands-Photo-by-Travelswithsun.jpg]
[www.travelswithsun.com/wp-content/uploads/Visitors-Purchasing-More-Feed-From-The-Vending-Machine-At-The-Sheep-Sanctuary-In-Cameron-Highlands-Photo-by-Travelswithsun.1c]
[www.travelswithsun.com/wp-content/uploads/Cactus-Point-In-Cameron-Highlands-travelswithsun-768x404.jpg]
[www.travelswithsun.com/wp-content/uploads/The-Sheep-At-The-Sheep-Sanctuary-In-Cameron-Highlands-Are-Docile-Enough-To-Accept-Food-Straight-From-Your-Hands-Photo-by-Trave]
[www.travelswithsun.com/wp-content/uploads/Ladang-Soon-Cheong-Travelswithsun-768x403.jpg]
[www.travelswithsun.com/wp-content/uploads/Cameron-Valley-Tea-House-3-Kuala-Terla-Tea-Plantation-Travelswithsun-768x403.jpg]
[www.travelswithsun.com/wp-content/uploads/New-Hotels-In-Cameron-Highlands-travelswithsun.jpg]
[www.travelswithsun.com/wp-content/uploads/Where-To-Eat-In-Cameron-Highlands-Travelswithsun-768x403.jpg]
[www.travelswithsun.com/wp-content/uploads/Attractions-In-Cameron-Highlands-Travelswithsun-768x403.jpg]
[www.travelswithsun.com/wp-content/uploads/Travelswithsun-Profile-Picture.jpg]
[pagead2.googlesyndication.com/pagead/js/f.txt]
[www.travelswithsun.com/wp-content/uploads/RayTheTour-Vertical-Banner.jpg]
[www.travelswithsun.com/wp-content/uploads/Travelswithsun_Logo_300x58.png]
[images.dmca.com/Badges/dmca-badge-w100-5x1-09be9e.png]
[www.travelswithsun.com/cdn-cgi/scripts/5c5dd728/cloudflare-static/email-decode.min.js]
[www.travelswithsun.com/wp-content/cache/min/1/Badges/DMCABadgeHelper.min8154.js]
[www.travelswithsun.com/wp-includes/js/comment-reply.min9704.js]
[www.travelswithsun.com/wp-content/themes/kadence/assets/js/navigation.mind115.js]
[www.travelswithsun.com/wp-content/plugins/kadence-blocks/includes/assets/js/kb-table-of-contents.min7433.js]
[www.travelswithsun.com/wp-content/themes/kadence/assets/js/splide.mind115.js]
[www.travelswithsun.com/wp-content/themes/kadence/assets/js/splide-init.mind115.js]
[connect.facebook.net/en_US/fbevents.js]
[www.travelswithsun.com/wp-content/plugins/wp-rocket/assets/js/lazyload/17.8.3/lazyload.min.js]
[www.travelswithsun.com/the-sheep-sanctuary-at-cameron-highlands/Travelswithsun-Logo_500x96.png]
[www.travelswithsun.com/the-sheep-sanctuary-at-cameron-highlands/index.html]
[www.travelswithsun.com/the-sheep-sanctuary-at-cameron-highlands/POST.html]
[www.travelswithsun.com/the-sheep-sanctuary-at-cameron-highlands/Firefox/index.html]
[www.googletagmanager.com/gtm5445.html]
[www.travelswithsun.com/wp-content/plugins/wp-rocket/assets/js/wpr-beacon.min.js]
[www.travelswithsun.com/the-sheep-sanctuary-at-cameron-highlands/b.resolvedLink]
[www.travelswithsun.com/the-sheep-sanctuary-at-cameron-highlands/schema.org/index.html]
[www.travelswithsun.com/signals/iwl.js]
[connect.facebook.net/en_US/fbevents.js]
[www.travelswithsun.com/the-sheep-sanctuary-at-cameron-highlands/Travelswithsun-Logo_500x96.html]
[i.ytimg.com/vi/ID/hqdefault.jpg]
[www.travelswithsun.com/the-sheep-sanctuary-at-cameron-highlands/schema.org/index.html]
[www.travelswithsun.com/the-sheep-sanctuary-at-cameron-highlands/b.html]
[www.travelswithsun.com/signals/iwl.html]
