[puriandsue.com/cameron-lavender-garden-tringkap-cameron-highlands/index.html]
[backblue.gif]
[fade.gif]
[index.html]
[puriandsue.com/wp-includes/css/dist/block-library/style.minadc6.css]
[puriandsue.com/wp-content/themes/travel-ocean/assets/css/slick.minc245.css]
[puriandsue.com/wp-content/themes/travel-ocean/assets/css/slick-theme.minc245.css]
[puriandsue.com/wp-content/themes/oceanwp/assets/css/style.min4b68.css]
[puriandsue.com/wp-content/themes/travel-ocean/assets/css/main.min4b68.css]
[puriandsue.com/cameron-lavender-garden-tringkap-cameron-highlands/feed/index.html]
[puriandsue.com/wp-content/themes/travel-ocean/style4b68.css]
[puriandsue.com/wp-content/themes/oceanwp/assets/fonts/fontawesome/css/all.min9e0b.css]
[puriandsue.com/wp-content/themes/oceanwp/assets/css/third/simple-line-icons.min8d5a.css]
[puriandsue.com/wp-content/themes/oceanwp/assets/css/third/magnific-popup.min8a54.css]
[puriandsue.com/wp-content/themes/oceanwp/assets/css/third/slick.minaff7.css]
[puriandsue.com/wp-content/plugins/elementor/assets/lib/eicons/css/elementor-icons.min192d.css]
[puriandsue.com/wp-content/plugins/elementor/assets/css/frontend.minf92b.css]
[puriandsue.com/wp-content/plugins/elementor/assets/lib/swiper/css/swiper.min48f5.css]
[puriandsue.com/wp-content/uploads/elementor/css/post-93859cf.css]
[puriandsue.com/wp-content/plugins/elementor/assets/lib/font-awesome/css/all.minf92b.css]
[puriandsue.com/wp-content/plugins/elementor/assets/lib/font-awesome/css/v4-shims.minf92b.css]
[puriandsue.com/wp-content/uploads/elementor/css/global59cf.css]
[puriandsue.com/wp-content/uploads/elementor/css/post-38298d05.css]
[puriandsue.com/wp-content/plugins/elementor/assets/lib/font-awesome/css/fontawesome.min52d5.css]
[puriandsue.com/wp-content/plugins/elementor/assets/lib/font-awesome/css/brands.min52d5.css]
[puriandsue.com/wp-includes/js/jquery/jquery.minf43b.js]
[puriandsue.com/wp-includes/js/jquery/jquery-migrate.min5589.js]
[puriandsue.com/wp-content/plugins/sticky-menu-or-anything-on-scroll/assets/js/jq-sticky-anything.mine1fc.js]
[puriandsue.com/wp-content/plugins/elementor/assets/lib/font-awesome/js/v4-shims.minf92b.js]
[pagead2.googlesyndication.com/pagead/js/f481d.txt]
[puriandsue.com/wp-content/uploads/2021/04/cropped-Puri-Sue-Web-Icon-01-1-32x32.png]
[puriandsue.com/wp-content/uploads/2021/04/cropped-Puri-Sue-Web-Icon-01-1-192x192.png]
[puriandsue.com/wp-content/uploads/2021/04/cropped-Puri-Sue-Web-Icon-01-1-180x180.png]
[puriandsue.com/wp-content/uploads/2021/04/cropped-Puri-Sue-Logo-Long-01.png]
[puriandsue.com/wp-content/uploads/2022/03/Cameron-Highlands-Lavender-Garden-Tringkap-20-768x402.jpg]
[puriandsue.com/wp-content/uploads/2022/03/Cameron-Highlands-Lavender-Garden-Tringkap-3-768x404.jpg]
[pagead2.googlesyndication.com/pagead/js/f.txt]
[puriandsue.com/wp-content/uploads/2022/03/Cameron-Highlands-Lavender-Garden-Tringkap-2-768x404.jpg]
[puriandsue.com/wp-content/uploads/2022/03/Cameron-Highlands-Lavender-Garden-Tringkap-5-768x285.jpg]
[puriandsue.com/wp-content/uploads/2022/03/Cameron-Highlands-Lavender-Garden-Tringkap-4-768x406.jpg]
[puriandsue.com/wp-content/uploads/2022/03/Cameron-Highlands-Lavender-Garden-Tringkap-1-768x401.jpg]
[puriandsue.com/wp-content/uploads/2022/03/Cameron-Highlands-Lavender-Garden-Tringkap-6-768x405.jpg]
[puriandsue.com/wp-content/uploads/2022/03/Cameron-Highlands-Lavender-Garden-Tringkap-10-768x405.jpg]
[puriandsue.com/wp-content/uploads/2022/03/Cameron-Highlands-Lavender-Garden-Tringkap-12-768x407.jpg]
[puriandsue.com/wp-content/uploads/2022/03/Cameron-Highlands-Lavender-Garden-Tringkap-13-768x371.jpg]
[puriandsue.com/wp-content/uploads/2022/03/Cameron-Highlands-Lavender-Garden-Tringkap-7-768x402.jpg]
[puriandsue.com/wp-content/uploads/2022/03/Cameron-Highlands-Lavender-Garden-Tringkap-9-768x406.jpg]
[puriandsue.com/wp-content/uploads/2022/03/Cameron-Highlands-Lavender-Garden-Tringkap-15-768x403.jpg]
[puriandsue.com/wp-content/uploads/2022/03/Cameron-Highlands-Lavender-Garden-Tringkap-8-768x405.jpg]
[puriandsue.com/wp-content/uploads/2022/03/Cameron-Highlands-Lavender-Garden-Tringkap-16-225x300.jpg]
[puriandsue.com/wp-content/uploads/2022/03/Cameron-Highlands-Lavender-Garden-Tringkap-14-768x404.jpg]
[puriandsue.com/wp-content/uploads/2022/03/Cameron-Highlands-Lavender-Garden-Tringkap-17-768x404.jpg]
[puriandsue.com/wp-content/uploads/2022/03/Cameron-Highlands-Lavender-Garden-Tringkap-21-768x406.jpg]
[puriandsue.com/wp-content/uploads/2022/03/Cameron-Highlands-Lavender-Garden-Tringkap-19-768x401.jpg]
[puriandsue.com/wp-content/uploads/2022/03/Cameron-Highlands-Lavender-Garden-Tringkap-22-768x403.jpg]
[puriandsue.com/wp-content/uploads/2022/03/Cameron-Highlands-Lavender-Garden-Tringkap-23-768x399.jpg]
[puriandsue.com/wp-content/uploads/2022/03/Cameron-Highlands-Lavender-Garden-Tringkap-11-768x402.jpg]
[puriandsue.com/wp-content/uploads/2022/03/Cameron-Highlands-Lavender-Garden-Tringkap-18-768x399.jpg]
[puriandsue.com/wp-content/uploads/2022/03/Cameron-Highlands-Lavender-Garden-Tringkap-26-768x399.jpg]
[puriandsue.com/wp-content/uploads/2022/03/Cameron-Highlands-Lavender-Garden-Tringkap-27-768x403.jpg]
[puriandsue.com/wp-content/uploads/2022/03/Cameron-Highlands-Lavender-Garden-Tringkap-28-768x404.jpg]
[puriandsue.com/wp-content/uploads/2022/03/Cameron-Highlands-Lavender-Garden-Tringkap-24-768x399.jpg]
[puriandsue.com/wp-content/uploads/2022/03/Cameron-Highlands-Lavender-Garden-Tringkap-31-768x402.jpg]
[puriandsue.com/wp-content/uploads/2022/03/Cameron-Highlands-Lavender-Garden-Tringkap-32-768x409.jpg]
[puriandsue.com/wp-content/uploads/2022/03/Cameron-Highlands-Lavender-Garden-Tringkap-34-768x404.jpg]
[puriandsue.com/wp-content/uploads/2022/03/Cameron-Highlands-Lavender-Garden-Tringkap-33-768x409.jpg]
[puriandsue.com/wp-content/uploads/elementor/thumbs/Cameron-Highlands-The-Sheep-Sanctuary-13-plioivxmh2d0iwvduhj264unq2ugjn2o9onwp4wlf4.jpg]
[puriandsue.com/wp-content/uploads/elementor/thumbs/Hilton-KL-2020-6-penfueqv8jeorlawqqrtvmvnngb6333ybrr0xvgzu8.jpg]
[puriandsue.com/wp-content/uploads/elementor/thumbs/20220211_124201-01-02-scaled-pkcghsbp29atjibmmznewtap5g6mkw3ktdvqfkfcds.jpg]
[puriandsue.com/wp-content/uploads/elementor/thumbs/Cameron-Highlands-Boh-Tea-Plantation-6-plgu0uvrtp46cqbzankel9ckimplw0xzsc9jwak12o.jpg]
[puriandsue.com/wp-content/plugins/elementor/assets/lib/animations/animations.minf92b.css]
[widgets.getsitecontrol.com/135565/script6e0e.js]
[puriandsue.com/wp-content/plugins/sticky-menu-or-anything-on-scroll/assets/js/stickThise1fc.js]
[puriandsue.com/wp-content/themes/travel-ocean/assets/js/slick.minc245.js]
[puriandsue.com/wp-content/themes/travel-ocean/assets/js/main.min4b68.js]
[puriandsue.com/wp-includes/js/imagesloaded.minbb93.js]
[puriandsue.com/wp-content/themes/oceanwp/assets/js/third/magnific-popup.min4b68.js]
[puriandsue.com/wp-content/themes/oceanwp/assets/js/third/lightbox.min4b68.js]
[puriandsue.com/wp-content/themes/oceanwp/assets/js/main.min4b68.js]
[puriandsue.com/wp-content/plugins/elementor/assets/js/webpack.runtime.minf92b.js]
[puriandsue.com/wp-content/plugins/elementor/assets/js/frontend-modules.minf92b.js]
[puriandsue.com/wp-content/plugins/elementor/assets/lib/waypoints/waypoints.min05da.js]
[puriandsue.com/wp-includes/js/jquery/ui/core.min3f14.js]
[puriandsue.com/cameron-lavender-garden-tringkap-cameron-highlands/index.html]
[puriandsue.com/wp-content/plugins/elementor/assets/js/frontend.minf92b.js]
[puriandsue.com/wp-includes/css/dist/block-library/style.minadc6.css]
[puriandsue.com/wp-content/themes/travel-ocean/assets/css/slick.minc245.css]
[puriandsue.com/wp-content/themes/travel-ocean/assets/css/ajax-loader.gif]
[puriandsue.com/wp-content/themes/travel-ocean/assets/css/fonts/slick.eot]
[puriandsue.com/wp-content/themes/travel-ocean/assets/css/fonts/slickd41d.eot]
[puriandsue.com/wp-content/themes/travel-ocean/assets/css/fonts/slick.woff]
[puriandsue.com/wp-content/themes/travel-ocean/assets/css/fonts/slick.ttf]
[puriandsue.com/wp-content/themes/travel-ocean/assets/css/slick-theme.minc245.css]
[puriandsue.com/wp-content/themes/travel-ocean/assets/css/fonts/slick.svg]
[puriandsue.com/wp-content/themes/oceanwp/assets/css/style.min4b68.css]
[puriandsue.com/wp-content/themes/travel-ocean/assets/css/main.min4b68.css]
[puriandsue.com/wp-content/themes/travel-ocean/style4b68.css]
[puriandsue.com/wp-content/themes/oceanwp/assets/fonts/fontawesome/css/all.min9e0b.css]
[puriandsue.com/wp-content/themes/oceanwp/assets/css/third/simple-line-icons.min8d5a.css]
[puriandsue.com/wp-content/themes/oceanwp/assets/css/third/magnific-popup.min8a54.css]
[puriandsue.com/wp-content/themes/oceanwp/assets/css/third/slick.minaff7.css]
[puriandsue.com/wp-content/plugins/elementor/assets/lib/eicons/css/elementor-icons.min192d.css]
[puriandsue.com/wp-content/plugins/elementor/assets/css/frontend.minf92b.css]
[puriandsue.com/wp-content/plugins/elementor/assets/lib/swiper/css/swiper.min48f5.css]
[puriandsue.com/wp-content/uploads/elementor/css/post-93859cf.css]
[puriandsue.com/wp-content/plugins/elementor/assets/lib/font-awesome/css/all.minf92b.css]
[puriandsue.com/wp-content/plugins/elementor/assets/lib/font-awesome/css/v4-shims.minf92b.css]
[puriandsue.com/wp-content/uploads/elementor/css/global59cf.css]
[puriandsue.com/wp-content/uploads/2022/03/Cameron-Highlands-Lavender-Garden-Tringkap-7.jpg]
[puriandsue.com/wp-content/uploads/elementor/css/post-38298d05.css]
[puriandsue.com/wp-content/plugins/elementor/assets/lib/font-awesome/css/fontawesome.min52d5.css]
[puriandsue.com/wp-content/plugins/elementor/assets/lib/font-awesome/css/brands.min52d5.css]
[puriandsue.com/wp-includes/js/jquery/jquery.minf43b.js]
[puriandsue.com/wp-includes/js/jquery/jquery-migrate.min5589.js]
[puriandsue.com/wp-content/plugins/sticky-menu-or-anything-on-scroll/assets/js/jq-sticky-anything.mine1fc.js]
[puriandsue.com/wp-content/plugins/elementor/assets/lib/font-awesome/js/v4-shims.minf92b.js]
[puriandsue.com/wp-content/plugins/elementor/assets/lib/animations/animations.minf92b.css]
[puriandsue.com/wp-content/plugins/sticky-menu-or-anything-on-scroll/assets/js/stickThise1fc.js]
[puriandsue.com/wp-content/themes/travel-ocean/assets/js/slick.minc245.js]
[puriandsue.com/wp-content/themes/travel-ocean/assets/js/main.min4b68.js]
[puriandsue.com/wp-includes/js/imagesloaded.minbb93.js]
[puriandsue.com/wp-content/themes/oceanwp/assets/js/third/magnific-popup.min4b68.js]
[puriandsue.com/wp-content/themes/oceanwp/assets/js/third/lightbox.min4b68.js]
[puriandsue.com/wp-content/themes/oceanwp/assets/js/main.min4b68.js]
[puriandsue.com/wp-content/plugins/elementor/assets/js/webpack.runtime.minf92b.js]
[puriandsue.com/wp-content/plugins/elementor/assets/js/frontend-modules.minf92b.js]
[puriandsue.com/wp-content/plugins/elementor/assets/lib/waypoints/waypoints.min05da.js]
[puriandsue.com/wp-includes/js/jquery/ui/core.min3f14.js]
[puriandsue.com/cameron-lavender-garden-tringkap-cameron-highlands/Trident/index.html]
[puriandsue.com/cameron-lavender-garden-tringkap-cameron-highlands/-negative.56.delayed]
[puriandsue.com/wp-content/plugins/elementor/assets/js/frontend.minf92b.js]
[puriandsue.com/wp-content/themes/travel-ocean/assets/css/fonts/slick.svg]
[puriandsue.com/cameron-lavender-garden-tringkap-cameron-highlands/Trident/index.html]
[puriandsue.com/cameron-lavender-garden-tringkap-cameron-highlands/-negative.html]
[puriandsue.com/cameron-lavender-garden-tringkap-cameron-highlands/OPR/index.html]
[puriandsue.com/cameron-lavender-garden-tringkap-cameron-highlands/OPR/index.html]
