[gyppotravelreviews.wordpress.com/2022/01/11/boh-tea-centre-brinchang-3/index.html]
[backblue.gif]
[fade.gif]
[index.html]
[gyppotravelreviews.wordpress.com/2022/01/11/boh-tea-centre-brinchang-3/feed/index.html]
[s2.wp.com/wp-content/plugins/coblocks/2.18.1-simple-rev.4/dist/coblocks-styleccd8.css]
[s2.wp.com/wp-content/mu-plugins/jetpack-mu-wpcom-plugin/moon/vendor/automattic/jetpack-mu-wpcom/src/build/verbum-comments/verbum-comments4874.css]
[widgets.wp.com/verbum-block-editor/block-editor421c.css]
[s1.wp.com/wp-content/mu-plugins/global-print/global-printbcec.css]
[s1.wp.com/_static/indexba1f.html]
[s2.wp.com/i/webclip.png]
[gyppotravelreviews.wordpress.com/wp-content/uploads/2022/01/img_94265220.jpg]
[gyppotravelreviews.wordpress.com/wp-content/uploads/2022/01/img_94062dff.jpg]
[gyppotravelreviews.wordpress.com/wp-content/uploads/2022/01/img_93986410.jpg]
[gyppotravelreviews.wordpress.com/wp-content/uploads/2022/01/img_94242dff.jpg]
[gyppotravelreviews.wordpress.com/wp-content/uploads/2022/01/img_94222dff.jpg]
[gyppotravelreviews.wordpress.com/wp-content/uploads/2022/01/img_94296410.jpg]
[gyppotravelreviews.wordpress.com/wp-content/uploads/2022/01/img_94252dff.jpg]
[gyppotravelreviews.wordpress.com/wp-content/uploads/2022/01/img_94262dff.jpg]
[gyppotravelreviews.wordpress.com/wp-content/uploads/2022/01/img_94322dff.jpg]
[gyppotravelreviews.wordpress.com/wp-content/uploads/2022/01/img_94302dff.jpg]
[gyppotravelreviews.wordpress.com/wp-content/uploads/2022/01/img_94232dff.jpg]
[gyppotravelreviews.wordpress.com/wp-content/uploads/2022/01/img_94312dff.jpg]
[gyppotravelreviews.wordpress.com/wp-content/uploads/2022/01/img_94336410.jpg]
[gyppotravelreviews.wordpress.com/wp-content/uploads/2022/01/img_94282dff.jpg]
[gyppotravelreviews.wordpress.com/wp-content/uploads/2022/01/img_94342dff.jpg]
[gyppotravelreviews.wordpress.com/wp-content/uploads/2022/01/img_94276410.jpg]
[0.gravatar.com/js/hovercards/hovercards.minf49a.js]
[s2.wp.com/wp-content/mu-plugins/gravatar-hovercards/wpgrohoe8bd.js]
[s2.wp.com/i/logo/wpcom-gray-white.png]
[s0.wp.com/wp-content/mu-plugins/actionbar/actionbardcca.css]
[s0.wp.com/wp-content/mu-plugins/actionbar/actionbar4dc1.js]
[stats.wp.com/w735b.js]
[pixel.wp.com/b0b80.gif]
[gyppotravelreviews.wordpress.com/wp-content/js/bilmur.minf5a1.js]
[gyppotravelreviews.wordpress.com/2022/01/11/boh-tea-centre-brinchang-3/index.html]
[gyppotravelreviews.wordpress.com/wp-content/js/bilmur-4.minf5a1.js]
[s2.wp.com/wp-content/plugins/coblocks/2.18.1-simple-rev.4/dist/coblocks-styleccd8.css]
[s2.wp.com/wp-content/plugins/coblocks/2.18.1-simple-rev.4/dist/images/social/twitter.svg]
[s1.wp.com/_static/indexd02a.html]
[s0.wp.com/i/loading/dark-200.gif]
[s2.wp.com/wp-content/mu-plugins/jetpack-mu-wpcom-plugin/moon/vendor/automattic/jetpack-mu-wpcom/src/build/verbum-comments/verbum-comments4874.css]
[widgets.wp.com/verbum-block-editor/block-editor421c.css]
[s1.wp.com/_static/indexba1f.html]
[s1.wp.com/wp-content/mu-plugins/global-print/global-printbcec.css]
[gyppotravelreviews.wordpress.com/2022/01/11/boh-tea-centre-brinchang-3/index9a7b.html]
[gyppotravelreviews.wordpress.com/2022/01/11/boh-tea-centre-brinchang-3/index5a58.html]
[s0.wp.com/wp-content/mu-plugins/actionbar/actionbardcca.css]
[s2.wp.com/wp-content/plugins/coblocks/2.18.1-simple-rev.4/dist/images/lightbox/arrow-left.svg]
[s2.wp.com/wp-content/plugins/coblocks/2.18.1-simple-rev.4/dist/images/lightbox/arrow-right.svg]
[s2.wp.com/wp-content/plugins/coblocks/2.18.1-simple-rev.4/dist/images/lightbox/close.svg]
[s2.wp.com/wp-content/plugins/coblocks/2.18.1-simple-rev.4/dist/images/social/twitter.svg]
